../Core/Src/main.c:101:6:HAL_TIM_PeriodElapsedCallback	16	static
../Core/Src/main.c:113:6:HAL_UART_RxHalfCpltCallback	16	static
../Core/Src/main.c:121:6:HAL_UART_RxCpltCallback	16	static
../Core/Src/main.c:141:6:StepperSpeed	32	static
../Core/Src/main.c:161:6:ReadStepper	16	static
../Core/Src/main.c:169:6:DealTimer3	8	static
../Core/Src/main.c:246:6:DealTimer2	40	static
../Core/Src/main.c:268:5:main	48	static
../Core/Src/main.c:367:6:SystemClock_Config	72	static
../Core/Src/main.c:407:13:MX_TIM2_Init	32	static
../Core/Src/main.c:452:13:MX_TIM3_Init	32	static
../Core/Src/main.c:497:13:MX_USART2_UART_Init	8	static
../Core/Src/main.c:530:13:MX_USART3_UART_Init	8	static
../Core/Src/main.c:561:13:MX_DMA_Init	16	static
../Core/Src/main.c:588:13:MX_GPIO_Init	40	static
../Core/Src/main.c:631:6:Error_Handler	4	static,ignoring_inline_asm
